// Jest Snapshot v1, https://goo.gl/fbAQLP

exports[`Server snapshot 1`] = `[Function]`;
